I'm sorry, but errors were detected in your script. Please correct the
errors listed below, and try again.


File "game/script.rpy", line 31: Tab characters are not allowed in Ren'Py scripts.

Ren'Py Version: Ren'Py 8.3.3.24111502
Fri Dec  6 20:10:47 2024
